
> frontend@0.0.0 build
> vite build

[36mvite v6.3.5 [32mbuilding for production...[36m[39m
transforming...
[32mΓ£ô[39m 31 modules transformed.
node.exe : [31mΓ£ù[39m Build failed in 1.33s
At C:\Program Files\nodejs\npm.ps1:29 char:3
+   & $NODE_EXE $NPM_CLI_JS $args
+   ~~~~~~~~~~~~~~~~~~~~~~~~~~~~~
    + CategoryInfo          : NotSpecified: ([31mΓ£ù[39m Build failed in 1.33s:String) [], RemoteException
    + FullyQualifiedErrorId : NativeCommandError
 
[31merror during build:
[31m[vite:esbuild] Transform failed with 1 error:
C:/Users/ayanr/Downloads/Panorama-Exports-main/Panorama- [x] [PLANNING] Consolidated Innovation Stack Design <!-- id: 52 -->
- [x] [EXECUTION] Combine Handcrafted Luxury into InnovationThatLeads <!-- id: 53 -->
- [x] [EXECUTION] Update InnovationStack to support element IDs for breadcrumbs <!-- id: 54 -->
- [x] [EXECUTION] Clean up Innovation.jsx structure <!-- id: 55 -->
- [x] [EXECUTION] Fix opacity and scaling for solid stacking <!-- id: 56 -->
- [x] [EXECUTION] Create `InnovationStack.jsx` component <!-- id: 46 -->Luxury.
jsx:39:7[31m
[33m
[33mMultiple exports with the same name "default"[33m
37 |  
38 |  
39 |  export default HandcraftedLuxury;
   |         ^
40 |  
[31m
    at failureErrorWithLog 
(C:\Users\ayanr\Downloads\Panorama-Exports-main\Panorama-Exports-main\node_modules\esbuild\lib\main.js:1467:15)
    at C:\Users\ayanr\Downloads\Panorama-Exports-main\Panorama-Exports-main\node_modules\esbuild\lib\main.js:736:50
    at responseCallbacks.<computed> 
(C:\Users\ayanr\Downloads\Panorama-Exports-main\Panorama-Exports-main\node_modules\esbuild\lib\main.js:603:9)
    at handleIncomingPacket 
(C:\Users\ayanr\Downloads\Panorama-Exports-main\Panorama-Exports-main\node_modules\esbuild\lib\main.js:658:12)
    at Socket.readFromStdout 
(C:\Users\ayanr\Downloads\Panorama-Exports-main\Panorama-Exports-main\node_modules\esbuild\lib\main.js:581:7)
    at Socket.emit (node:events:518:28)
    at addChunk (node:internal/streams/readable:561:12)
    at readableAddChunkPushByteMode (node:internal/streams/readable:512:3)
    at Readable.push (node:internal/streams/readable:392:5)
    at Pipe.onStreamRead (node:internal/stream_base_commons:189:23)[39m
